{"sessionId":"2c4a8c","hypothesisId":"B","location":"markdown_form_field.dart:_onFocusChanged","message":"focus changed","data":{"hasFocus":true,"hadOverlay":false,"incompleteNull":true,"suggestionCount":0},"timestamp":1785587651676}
{"sessionId":"2c4a8c","hypothesisId":"A","location":"markdown_form_field.dart:_scheduleLinkSearch","message":"scheduling search","data":{"query":"","start":536,"cursor":538},"timestamp":1785587658634}
{"sessionId":"2c4a8c","hypothesisId":"A","location":"markdown_form_field.dart:_scheduleLinkSearch","message":"showing suggestions","data":{"query":"","resultCount":20,"kinds":["skills","spells","item_properties","skills","skills","classes","spells","skills"],"names":["Acrobatics","Ahh-Muzen-Cab's Hive Mind","Ammunition","Animal Handling","Arcana","Artificer","Ascendant Crucible","Athletics"]},"timestamp":1785587658935}
{"sessionId":"2c4a8c","hypothesisId":"A","location":"markdown_form_field.dart:_scheduleLinkSearch","message":"scheduling search","data":{"query":"L","start":536,"cursor":539},"timestamp":1785587659186}
{"sessionId":"2c4a8c","hypothesisId":"A","location":"markdown_form_field.dart:_scheduleLinkSearch","message":"scheduling search","data":{"query":"Lo","start":536,"cursor":540},"timestamp":1785587659386}
{"sessionId":"2c4a8c","hypothesisId":"A","location":"markdown_form_field.dart:_scheduleLinkSearch","message":"scheduling search","data":{"query":"Loa","start":536,"cursor":541},"timestamp":1785587659498}
{"sessionId":"2c4a8c","hypothesisId":"A","location":"markdown_form_field.dart:_scheduleLinkSearch","message":"scheduling search","data":{"query":"Load","start":536,"cursor":542},"timestamp":1785587659586}
{"sessionId":"2c4a8c","hypothesisId":"A","location":"markdown_form_field.dart:_scheduleLinkSearch","message":"showing suggestions","data":{"query":"Load","resultCount":1,"kinds":["item_properties"],"names":["Reload X"]},"timestamp":1785587659828}
{"sessionId":"2c4a8c","hypothesisId":"A","location":"markdown_form_field.dart:_scheduleLinkSearch","message":"scheduling search","data":{"query":"Loa","start":536,"cursor":541},"timestamp":1785587662970}
{"sessionId":"2c4a8c","hypothesisId":"A","location":"markdown_form_field.dart:_scheduleLinkSearch","message":"scheduling search","data":{"query":"Lo","start":536,"cursor":540},"timestamp":1785587663138}
{"sessionId":"2c4a8c","hypothesisId":"A","location":"markdown_form_field.dart:_scheduleLinkSearch","message":"showing suggestions","data":{"query":"Lo","resultCount":6,"kinds":["items","spells","item_properties","item_properties","classes","spells"],"names":["Cloak of Shadows","Curse of the Twin Lords","Loud X","Reload X","Warlock","Zealotry"]},"timestamp":1785587663389}
{"sessionId":"2c4a8c","hypothesisId":"A","location":"markdown_form_field.dart:_scheduleLinkSearch","message":"scheduling search","data":{"query":"Lou","start":536,"cursor":541},"timestamp":1785587664147}
{"sessionId":"2c4a8c","hypothesisId":"A","location":"markdown_form_field.dart:_scheduleLinkSearch","message":"scheduling search","data":{"query":"Loud","start":536,"cursor":542},"timestamp":1785587664242}
{"sessionId":"2c4a8c","hypothesisId":"A","location":"markdown_form_field.dart:_scheduleLinkSearch","message":"showing suggestions","data":{"query":"Loud","resultCount":1,"kinds":["item_properties"],"names":["Loud X"]},"timestamp":1785587664482}
{"sessionId":"2c4a8c","hypothesisId":"B","location":"markdown_form_field.dart:ListTile.onPointerDown","message":"suggestion pointer down","data":{"kind":"item_properties","name":"Loud X","hasFocus":true,"incompleteNull":false,"cursor":542},"timestamp":1785587665890}
{"sessionId":"2c4a8c","hypothesisId":"C","location":"markdown_form_field.dart:_insertLink","message":"insert attempted","data":{"kind":"item_properties","name":"Loud X","incompleteNull":false,"cursor":542,"incompleteStart":536,"willEarlyReturnIncomplete":false,"willEarlyReturnCursor":false},"timestamp":1785587665895}
{"sessionId":"2c4a8c","hypothesisId":"C","location":"markdown_form_field.dart:_insertLink","message":"insert succeeded","data":{"insertion":"[[item_properties/Loud X]]","newOffset":562,"usedCursor":542},"timestamp":1785587665930}
{"sessionId":"2c4a8c","hypothesisId":"B","location":"markdown_form_field.dart:_onFocusChanged","message":"focus changed","data":{"hasFocus":false,"hadOverlay":false,"incompleteNull":true,"suggestionCount":1},"timestamp":1785587665964}
{"sessionId":"2c4a8c","hypothesisId":"B","location":"markdown_form_field.dart:ListTile.onTap","message":"suggestion tapped","data":{"kind":"item_properties","name":"Loud X","hasFocus":false,"incompleteNull":true,"cursor":562},"timestamp":1785587665998}
{"sessionId":"2c4a8c","hypothesisId":"C","location":"markdown_form_field.dart:_insertLink","message":"insert attempted","data":{"kind":"item_properties","name":"Loud X","incompleteNull":true,"cursor":562,"incompleteStart":null,"willEarlyReturnIncomplete":true,"willEarlyReturnCursor":false},"timestamp":1785587666041}
{"sessionId":"2c4a8c","hypothesisId":"B","location":"markdown_form_field.dart:_onFocusChanged","message":"deferred overlay remove","data":{"stillUnfocused":true,"hadOverlay":false},"timestamp":1785587666119}
